******************************************************************************
                  TI ARM Linker PC v16.9.6                     
******************************************************************************
>> Linked Sun Feb 10 22:13:30 2019

OUTPUT FILE NAME:   <I2C_final.out>
ENTRY POINT SYMBOL: "_c_int00"  address: 00000911


MEMORY CONFIGURATION

         name            origin    length      used     unused   attr    fill
----------------------  --------  ---------  --------  --------  ----  --------
  FLASH                 00000000   00040000  00000ab0  0003f550  R  X
  SRAM                  20000000   00008000  00000225  00007ddb  RW X


SEGMENT ALLOCATION MAP

run origin  load origin   length   init length attrs members
----------  ----------- ---------- ----------- ----- -------
00000000    00000000    00000ab0   00000ab0    r-x
  00000000    00000000    0000026c   0000026c    r-- .intvecs
  0000026c    0000026c    000007f0   000007f0    r-x .text
  00000a5c    00000a5c    0000001c   0000001c    r-- .const
  00000a78    00000a78    00000038   00000038    r-- .cinit
20000000    20000000    00000228   00000000    rw-
  20000000    20000000    00000200   00000000    rw- .stack
  20000200    20000200    0000001d   00000000    rw- .data
  20000220    20000220    00000008   00000000    rw- .bss


SECTION ALLOCATION MAP

 output                                  attributes/
section   page    origin      length       input sections
--------  ----  ----------  ----------   ----------------
.intvecs   0    00000000    0000026c     
                  00000000    0000026c     tm4c123gh6pm_startup_ccs.obj (.intvecs)

.text      0    0000026c    000007f0     
                  0000026c    00000254     I2C_Manager.obj (.text)
                  000004c0    000001f8     I2C.obj (.text)
                  000006b8    0000009c     rtsv7M4_T_le_v4SPD16_eabi.lib : memcpy_t2.obj (.text)
                  00000754    0000007a                                   : memset_t2.obj (.text)
                  000007ce    00000002                                   : mpu_init.obj (.text)
                  000007d0    00000070                                   : autoinit.obj (.text)
                  00000840    00000068                                   : copy_decompress_lzss.obj (.text:decompress:lzss)
                  000008a8    00000068     main.obj (.text)
                  00000910    00000054     rtsv7M4_T_le_v4SPD16_eabi.lib : boot.obj (.text)
                  00000964    00000054                                   : exit.obj (.text)
                  000009b8    0000004c                                   : cpy_tbl.obj (.text)
                  00000a04    00000018                                   : args_main.obj (.text)
                  00000a1c    00000014                                   : _lock.obj (.text)
                  00000a30    0000000e                                   : copy_decompress_none.obj (.text:decompress:none)
                  00000a3e    0000000c                                   : copy_zero_init.obj (.text:decompress:ZI)
                  00000a4a    0000000c     tm4c123gh6pm_startup_ccs.obj (.text)
                  00000a56    00000004     rtsv7M4_T_le_v4SPD16_eabi.lib : pre_init.obj (.text)
                  00000a5a    00000002                                   : startup.obj (.text)

.const     0    00000a5c    0000001c     
                  00000a5c    00000014     I2C_CFG.obj (.const:I2C_ConfigParam)
                  00000a70    00000008     main.obj (.const:.string:$P$T0$1)

.cinit     0    00000a78    00000038     
                  00000a78    00000011     (.cinit..data.load) [load image, compression = lzss]
                  00000a89    00000003     --HOLE-- [fill = 0]
                  00000a8c    0000000c     (__TI_handler_table)
                  00000a98    00000008     (.cinit..bss.load) [load image, compression = zero_init]
                  00000aa0    00000010     (__TI_cinit_table)

.init_array 
*          0    00000000    00000000     UNINITIALIZED

.stack     0    20000000    00000200     UNINITIALIZED
                  20000000    00000200     --HOLE--

.data      0    20000200    0000001d     UNINITIALIZED
                  20000200    0000000c     rtsv7M4_T_le_v4SPD16_eabi.lib : exit.obj (.data:$O1$$)
                  2000020c    00000008                                   : _lock.obj (.data:$O1$$)
                  20000214    00000004                                   : stkdepth_vars.obj (.data)
                  20000218    00000002     I2C_Manager.obj (.data)
                  2000021a    00000002     main.obj (.data)
                  2000021c    00000001     I2C.obj (.data)

.bss       0    20000220    00000008     UNINITIALIZED
                  20000220    00000008     I2C_Manager.obj (.bss)

MODULE SUMMARY

       Module                         code   ro data   rw data
       ------                         ----   -------   -------
    .\
       tm4c123gh6pm_startup_ccs.obj   12     620       0      
       I2C_Manager.obj                596    0         10     
       I2C.obj                        504    0         1      
       main.obj                       104    8         2      
       I2C_CFG.obj                    0      20        0      
    +--+------------------------------+------+---------+---------+
       Total:                         1216   648       13     
                                                              
    F:\self\Embedded\2018\RTOS_SSCS\ccsv7\tools\compiler\ti-cgt-arm_16.9.6.LTS\lib\rtsv7M4_T_le_v4SPD16_eabi.lib
       memcpy_t2.obj                  156    0         0      
       memset_t2.obj                  122    0         0      
       autoinit.obj                   112    0         0      
       copy_decompress_lzss.obj       104    0         0      
       exit.obj                       84     0         12     
       boot.obj                       84     0         0      
       cpy_tbl.obj                    76     0         0      
       _lock.obj                      20     0         8      
       args_main.obj                  24     0         0      
       copy_decompress_none.obj       14     0         0      
       copy_zero_init.obj             12     0         0      
       pre_init.obj                   4      0         0      
       stkdepth_vars.obj              0      0         4      
       mpu_init.obj                   2      0         0      
       startup.obj                    2      0         0      
    +--+------------------------------+------+---------+---------+
       Total:                         816    0         24     
                                                              
       Stack:                         0      0         512    
       Linker Generated:              0      53        0      
    +--+------------------------------+------+---------+---------+
       Grand Total:                   2032   701       549    


LINKER GENERATED COPY TABLES

__TI_cinit_table @ 00000aa0 records: 2, size/record: 8, table size: 16
	.data: load addr=00000a78, load size=00000011 bytes, run addr=20000200, run size=0000001d bytes, compression=lzss
	.bss: load addr=00000a98, load size=00000008 bytes, run addr=20000220, run size=00000008 bytes, compression=zero_init


LINKER GENERATED HANDLER TABLE

__TI_handler_table @ 00000a8c records: 3, size/record: 4, table size: 12
	index: 0, handler: __TI_decompress_lzss
	index: 1, handler: __TI_decompress_none
	index: 2, handler: __TI_zero_init


GLOBAL SYMBOLS: SORTED ALPHABETICALLY BY Name 

address   name                           
-------   ----                           
00000965  C$$EXIT                        
00000615  I2C_CHECKSTATUS                
00000601  I2C_Clear_ADDR                 
00000a5c  I2C_ConfigParam                
000005ed  I2C_GenerateStart              
000005d9  I2C_GenerateStop               
000005c3  I2C_GetData                    
00000523  I2C_Init                       
2000021c  I2C_InitFlag                   
00000299  I2C_Manager                    
00000283  I2C_RequestRead                
0000026d  I2C_RequestWrite               
000008fb  I2C_RxDone                     
0000050d  I2C_SendData                   
000004f5  I2C_SendSlaveAddress           
000004db  I2C_TurnOffAcknowledge         
000004c1  I2C_TurnOnAcknowledge          
000008f3  I2C_TxDone                     
00000a4b  ResetISR                       
UNDEFED   SHT$$INIT_ARRAY$$Base          
UNDEFED   SHT$$INIT_ARRAY$$Limit         
20000200  __STACK_END                    
00000200  __STACK_SIZE                   
20000200  __STACK_TOP                    
00000aa0  __TI_CINIT_Base                
00000ab0  __TI_CINIT_Limit               
00000a8c  __TI_Handler_Table_Base        
00000a98  __TI_Handler_Table_Limit       
000007d1  __TI_auto_init                 
20000200  __TI_cleanup_ptr               
00000841  __TI_decompress_lzss           
00000a31  __TI_decompress_none           
20000204  __TI_dtors_ptr                 
20000208  __TI_enable_exit_profile_output
ffffffff  __TI_pprof_out_hndl            
ffffffff  __TI_prof_data_size            
ffffffff  __TI_prof_data_start           
00000000  __TI_static_base__             
00000a3f  __TI_zero_init                 
00000755  __aeabi_memclr                 
00000755  __aeabi_memclr4                
00000755  __aeabi_memclr8                
000006b9  __aeabi_memcpy                 
000006b9  __aeabi_memcpy4                
000006b9  __aeabi_memcpy8                
00000757  __aeabi_memset                 
00000757  __aeabi_memset4                
00000757  __aeabi_memset8                
ffffffff  __binit__                      
ffffffff  __c_args__                     
000007cf  __mpu_init                     
20000000  __stack                        
00000a05  _args_main                     
00000911  _c_int00                       
2000020c  _lock                          
00000a2b  _nop                           
00000a23  _register_lock                 
00000a1d  _register_unlock               
00000a5b  _system_post_cinit             
00000a57  _system_pre_init               
20000210  _unlock                        
00000969  abort                          
ffffffff  binit                          
000009b9  copy_in                        
00000971  exit                           
00000000  g_pfnVectors                   
000008a9  main                           
20000214  main_func_sp                   
000006b9  memcpy                         
0000075d  memset                         


GLOBAL SYMBOLS: SORTED BY Symbol Address 

address   name                           
-------   ----                           
00000000  __TI_static_base__             
00000000  g_pfnVectors                   
00000200  __STACK_SIZE                   
0000026d  I2C_RequestWrite               
00000283  I2C_RequestRead                
00000299  I2C_Manager                    
000004c1  I2C_TurnOnAcknowledge          
000004db  I2C_TurnOffAcknowledge         
000004f5  I2C_SendSlaveAddress           
0000050d  I2C_SendData                   
00000523  I2C_Init                       
000005c3  I2C_GetData                    
000005d9  I2C_GenerateStop               
000005ed  I2C_GenerateStart              
00000601  I2C_Clear_ADDR                 
00000615  I2C_CHECKSTATUS                
000006b9  __aeabi_memcpy                 
000006b9  __aeabi_memcpy4                
000006b9  __aeabi_memcpy8                
000006b9  memcpy                         
00000755  __aeabi_memclr                 
00000755  __aeabi_memclr4                
00000755  __aeabi_memclr8                
00000757  __aeabi_memset                 
00000757  __aeabi_memset4                
00000757  __aeabi_memset8                
0000075d  memset                         
000007cf  __mpu_init                     
000007d1  __TI_auto_init                 
00000841  __TI_decompress_lzss           
000008a9  main                           
000008f3  I2C_TxDone                     
000008fb  I2C_RxDone                     
00000911  _c_int00                       
00000965  C$$EXIT                        
00000969  abort                          
00000971  exit                           
000009b9  copy_in                        
00000a05  _args_main                     
00000a1d  _register_unlock               
00000a23  _register_lock                 
00000a2b  _nop                           
00000a31  __TI_decompress_none           
00000a3f  __TI_zero_init                 
00000a4b  ResetISR                       
00000a57  _system_pre_init               
00000a5b  _system_post_cinit             
00000a5c  I2C_ConfigParam                
00000a8c  __TI_Handler_Table_Base        
00000a98  __TI_Handler_Table_Limit       
00000aa0  __TI_CINIT_Base                
00000ab0  __TI_CINIT_Limit               
20000000  __stack                        
20000200  __STACK_END                    
20000200  __STACK_TOP                    
20000200  __TI_cleanup_ptr               
20000204  __TI_dtors_ptr                 
20000208  __TI_enable_exit_profile_output
2000020c  _lock                          
20000210  _unlock                        
20000214  main_func_sp                   
2000021c  I2C_InitFlag                   
ffffffff  __TI_pprof_out_hndl            
ffffffff  __TI_prof_data_size            
ffffffff  __TI_prof_data_start           
ffffffff  __binit__                      
ffffffff  __c_args__                     
ffffffff  binit                          
UNDEFED   SHT$$INIT_ARRAY$$Base          
UNDEFED   SHT$$INIT_ARRAY$$Limit         

[70 symbols]
