******************************************************************************
                  TI ARM Linker PC v16.9.6                     
******************************************************************************
>> Linked Sun Mar 10 22:53:39 2019

OUTPUT FILE NAME:   <I2C_final.out>
ENTRY POINT SYMBOL: "_c_int00"  address: 00000c5d


MEMORY CONFIGURATION

         name            origin    length      used     unused   attr    fill
----------------------  --------  ---------  --------  --------  ----  --------
  FLASH                 00000000   00040000  00000e08  0003f1f8  R  X
  SRAM                  20000000   00008000  00000228  00007dd8  RW X


SEGMENT ALLOCATION MAP

run origin  load origin   length   init length attrs members
----------  ----------- ---------- ----------- ----- -------
00000000    00000000    00000e08   00000e08    r-x
  00000000    00000000    0000026c   0000026c    r-- .intvecs
  0000026c    0000026c    00000b3c   00000b3c    r-x .text
  00000da8    00000da8    00000020   00000020    r-- .const
  00000dc8    00000dc8    00000040   00000040    r-- .cinit
20000000    20000000    00000229   00000000    rw-
  20000000    20000000    00000200   00000000    rw- .stack
  20000200    20000200    0000001f   00000000    rw- .data
  20000220    20000220    00000009   00000000    rw- .bss


SECTION ALLOCATION MAP

 output                                  attributes/
section   page    origin      length       input sections
--------  ----  ----------  ----------   ----------------
.intvecs   0    00000000    0000026c     
                  00000000    0000026c     tm4c123gh6pm_startup_ccs.obj (.intvecs)

.text      0    0000026c    00000b3c     
                  0000026c    000004a0     I2C_Manager.obj (.text)
                  0000070c    00000284     I2C.obj (.text)
                  00000990    000000dc     main.obj (.text)
                  00000a6c    0000009c     rtsv7M4_T_le_v4SPD16_eabi.lib : memcpy_t2.obj (.text)
                  00000b08    0000007a                                   : memset_t2.obj (.text)
                  00000b82    00000002                                   : mpu_init.obj (.text)
                  00000b84    00000070                                   : autoinit.obj (.text)
                  00000bf4    00000068                                   : copy_decompress_lzss.obj (.text:decompress:lzss)
                  00000c5c    00000054                                   : boot.obj (.text)
                  00000cb0    00000054                                   : exit.obj (.text)
                  00000d04    0000004c                                   : cpy_tbl.obj (.text)
                  00000d50    00000018                                   : args_main.obj (.text)
                  00000d68    00000014                                   : _lock.obj (.text)
                  00000d7c    0000000e                                   : copy_decompress_none.obj (.text:decompress:none)
                  00000d8a    0000000c                                   : copy_zero_init.obj (.text:decompress:ZI)
                  00000d96    0000000c     tm4c123gh6pm_startup_ccs.obj (.text)
                  00000da2    00000004     rtsv7M4_T_le_v4SPD16_eabi.lib : pre_init.obj (.text)
                  00000da6    00000002                                   : startup.obj (.text)

.const     0    00000da8    00000020     
                  00000da8    00000014     I2C_CFG.obj (.const:I2C_ConfigParam)
                  00000dbc    00000007     main.obj (.const:.string:$P$T0$1)
                  00000dc3    00000005     main.obj (.const:.string:$P$T1$2)

.cinit     0    00000dc8    00000040     
                  00000dc8    00000015     (.cinit..data.load) [load image, compression = lzss]
                  00000ddd    00000003     --HOLE-- [fill = 0]
                  00000de0    0000000c     (__TI_handler_table)
                  00000dec    00000004     --HOLE-- [fill = 0]
                  00000df0    00000008     (.cinit..bss.load) [load image, compression = zero_init]
                  00000df8    00000010     (__TI_cinit_table)

.init_array 
*          0    00000000    00000000     UNINITIALIZED

.stack     0    20000000    00000200     UNINITIALIZED
                  20000000    00000200     --HOLE--

.data      0    20000200    0000001f     UNINITIALIZED
                  20000200    0000000c     rtsv7M4_T_le_v4SPD16_eabi.lib : exit.obj (.data:$O1$$)
                  2000020c    00000008                                   : _lock.obj (.data:$O1$$)
                  20000214    00000004     I2C_Manager.obj (.data)
                  20000218    00000004     rtsv7M4_T_le_v4SPD16_eabi.lib : stkdepth_vars.obj (.data)
                  2000021c    00000002     main.obj (.data)
                  2000021e    00000001     I2C.obj (.data)

.bss       0    20000220    00000009     UNINITIALIZED
                  20000220    00000009     I2C_Manager.obj (.bss)

MODULE SUMMARY

       Module                         code   ro data   rw data
       ------                         ----   -------   -------
    .\
       I2C_Manager.obj                1184   0         13     
       I2C.obj                        644    0         1      
       tm4c123gh6pm_startup_ccs.obj   12     620       0      
       main.obj                       220    12        2      
       I2C_CFG.obj                    0      20        0      
    +--+------------------------------+------+---------+---------+
       Total:                         2060   652       16     
                                                              
    F:\self\Embedded\2018\RTOS_SSCS\ccsv7\tools\compiler\ti-cgt-arm_16.9.6.LTS\lib\rtsv7M4_T_le_v4SPD16_eabi.lib
       memcpy_t2.obj                  156    0         0      
       memset_t2.obj                  122    0         0      
       autoinit.obj                   112    0         0      
       copy_decompress_lzss.obj       104    0         0      
       exit.obj                       84     0         12     
       boot.obj                       84     0         0      
       cpy_tbl.obj                    76     0         0      
       _lock.obj                      20     0         8      
       args_main.obj                  24     0         0      
       copy_decompress_none.obj       14     0         0      
       copy_zero_init.obj             12     0         0      
       pre_init.obj                   4      0         0      
       stkdepth_vars.obj              0      0         4      
       mpu_init.obj                   2      0         0      
       startup.obj                    2      0         0      
    +--+------------------------------+------+---------+---------+
       Total:                         816    0         24     
                                                              
       Stack:                         0      0         512    
       Linker Generated:              0      57        0      
    +--+------------------------------+------+---------+---------+
       Grand Total:                   2876   709       552    


LINKER GENERATED COPY TABLES

__TI_cinit_table @ 00000df8 records: 2, size/record: 8, table size: 16
	.data: load addr=00000dc8, load size=00000015 bytes, run addr=20000200, run size=0000001f bytes, compression=lzss
	.bss: load addr=00000df0, load size=00000008 bytes, run addr=20000220, run size=00000009 bytes, compression=zero_init


LINKER GENERATED HANDLER TABLE

__TI_handler_table @ 00000de0 records: 3, size/record: 4, table size: 12
	index: 0, handler: __TI_decompress_lzss
	index: 1, handler: __TI_decompress_none
	index: 2, handler: __TI_zero_init


GLOBAL SYMBOLS: SORTED ALPHABETICALLY BY Name 

address   name                           
-------   ----                           
00000cb1  C$$EXIT                        
00000819  I2C_CHECKSTATUS                
00000da8  I2C_ConfigParam                
0000070d  I2C_Init                       
2000021e  I2C_InitFlag                   
000002c9  I2C_Manager                    
0000029b  I2C_RequestRead                
0000026d  I2C_RequestWrite               
00000999  I2C_RxDone                     
00000991  I2C_TxDone                     
00000d97  ResetISR                       
UNDEFED   SHT$$INIT_ARRAY$$Base          
UNDEFED   SHT$$INIT_ARRAY$$Limit         
20000200  __STACK_END                    
00000200  __STACK_SIZE                   
20000200  __STACK_TOP                    
00000df8  __TI_CINIT_Base                
00000e08  __TI_CINIT_Limit               
00000de0  __TI_Handler_Table_Base        
00000dec  __TI_Handler_Table_Limit       
00000b85  __TI_auto_init                 
20000200  __TI_cleanup_ptr               
00000bf5  __TI_decompress_lzss           
00000d7d  __TI_decompress_none           
20000204  __TI_dtors_ptr                 
20000208  __TI_enable_exit_profile_output
ffffffff  __TI_pprof_out_hndl            
ffffffff  __TI_prof_data_size            
ffffffff  __TI_prof_data_start           
00000000  __TI_static_base__             
00000d8b  __TI_zero_init                 
00000b09  __aeabi_memclr                 
00000b09  __aeabi_memclr4                
00000b09  __aeabi_memclr8                
00000a6d  __aeabi_memcpy                 
00000a6d  __aeabi_memcpy4                
00000a6d  __aeabi_memcpy8                
00000b0b  __aeabi_memset                 
00000b0b  __aeabi_memset4                
00000b0b  __aeabi_memset8                
ffffffff  __binit__                      
ffffffff  __c_args__                     
00000b83  __mpu_init                     
20000000  __stack                        
00000d51  _args_main                     
00000c5d  _c_int00                       
2000020c  _lock                          
00000d77  _nop                           
00000d6f  _register_lock                 
00000d69  _register_unlock               
00000da7  _system_post_cinit             
00000da3  _system_pre_init               
20000210  _unlock                        
00000cb5  abort                          
ffffffff  binit                          
00000d05  copy_in                        
00000cbd  exit                           
00000000  g_pfnVectors                   
000009a1  main                           
20000218  main_func_sp                   
00000a6d  memcpy                         
00000b11  memset                         


GLOBAL SYMBOLS: SORTED BY Symbol Address 

address   name                           
-------   ----                           
00000000  __TI_static_base__             
00000000  g_pfnVectors                   
00000200  __STACK_SIZE                   
0000026d  I2C_RequestWrite               
0000029b  I2C_RequestRead                
000002c9  I2C_Manager                    
0000070d  I2C_Init                       
00000819  I2C_CHECKSTATUS                
00000991  I2C_TxDone                     
00000999  I2C_RxDone                     
000009a1  main                           
00000a6d  __aeabi_memcpy                 
00000a6d  __aeabi_memcpy4                
00000a6d  __aeabi_memcpy8                
00000a6d  memcpy                         
00000b09  __aeabi_memclr                 
00000b09  __aeabi_memclr4                
00000b09  __aeabi_memclr8                
00000b0b  __aeabi_memset                 
00000b0b  __aeabi_memset4                
00000b0b  __aeabi_memset8                
00000b11  memset                         
00000b83  __mpu_init                     
00000b85  __TI_auto_init                 
00000bf5  __TI_decompress_lzss           
00000c5d  _c_int00                       
00000cb1  C$$EXIT                        
00000cb5  abort                          
00000cbd  exit                           
00000d05  copy_in                        
00000d51  _args_main                     
00000d69  _register_unlock               
00000d6f  _register_lock                 
00000d77  _nop                           
00000d7d  __TI_decompress_none           
00000d8b  __TI_zero_init                 
00000d97  ResetISR                       
00000da3  _system_pre_init               
00000da7  _system_post_cinit             
00000da8  I2C_ConfigParam                
00000de0  __TI_Handler_Table_Base        
00000dec  __TI_Handler_Table_Limit       
00000df8  __TI_CINIT_Base                
00000e08  __TI_CINIT_Limit               
20000000  __stack                        
20000200  __STACK_END                    
20000200  __STACK_TOP                    
20000200  __TI_cleanup_ptr               
20000204  __TI_dtors_ptr                 
20000208  __TI_enable_exit_profile_output
2000020c  _lock                          
20000210  _unlock                        
20000218  main_func_sp                   
2000021e  I2C_InitFlag                   
ffffffff  __TI_pprof_out_hndl            
ffffffff  __TI_prof_data_size            
ffffffff  __TI_prof_data_start           
ffffffff  __binit__                      
ffffffff  __c_args__                     
ffffffff  binit                          
UNDEFED   SHT$$INIT_ARRAY$$Base          
UNDEFED   SHT$$INIT_ARRAY$$Limit         

[62 symbols]
